INFO:     Started server process [25124]
INFO:     Waiting for application startup.
2026-07-25 10:55:29,725 [INFO] meshnet.api — MeshNet AI Python router starting up — MeshNet AI Config
  BLE ranges : flood=80m  war_zone=20m  earthquake=120m
  WiFi ranges: flood=200m  war_zone=50m  earthquake=400m
  Nodes      : 100 simulated
  Max hops   : 7
  Packet loss: 5%
  Cloudant DB: mesh_nodes_db
  Backend API: http://localhost:4000
INFO:     Application startup complete.
INFO:     Uvicorn running on http://0.0.0.0:5050 (Press CTRL+C to quit)
2026-07-25 10:55:30,293 [INFO] graph_builder — MeshGraphBuilder.build() called with api_base=http://localhost:4000, scenario=earthquake
2026-07-25 10:55:30,293 [INFO] graph_builder — Fetching topology from http://localhost:4000/api/mesh/topology with secret 9364088cb7fb41ea3d5a......
2026-07-25 10:55:30,296 [DEBUG] urllib3.connectionpool — Starting new HTTP connection (1): localhost:4000
2026-07-25 10:55:34,380 [WARNING] graph_builder — Could not fetch topology from http://localhost:4000/api/mesh/topology: HTTPConnectionPool(host='localhost', port=4000): Max retries exceeded with url: /api/mesh/topology (Caused by NewConnectionError("HTTPConnection(host='localhost', port=4000): Failed to establish a new connection: [WinError 10061] No connection could be made because the target machine actively refused it"))
2026-07-25 10:55:34,381 [INFO] graph_builder — Topology received: 0 nodes, 0 edges
2026-07-25 10:55:34,381 [INFO] graph_builder — Graph built — 0 nodes, 0 directed edges (scenario=earthquake)
2026-07-25 10:55:34,386 [INFO] graph_builder — MeshGraphBuilder.build() called with api_base=http://localhost:4000, scenario=earthquake
2026-07-25 10:55:34,387 [INFO] graph_builder — Fetching topology from http://localhost:4000/api/mesh/topology with secret 9364088cb7fb41ea3d5a......
2026-07-25 10:55:34,387 [DEBUG] urllib3.connectionpool — Starting new HTTP connection (1): localhost:4000
2026-07-25 10:55:38,479 [WARNING] graph_builder — Could not fetch topology from http://localhost:4000/api/mesh/topology: HTTPConnectionPool(host='localhost', port=4000): Max retries exceeded with url: /api/mesh/topology (Caused by NewConnectionError("HTTPConnection(host='localhost', port=4000): Failed to establish a new connection: [WinError 10061] No connection could be made because the target machine actively refused it"))
2026-07-25 10:55:38,480 [INFO] graph_builder — Topology received: 0 nodes, 0 edges
2026-07-25 10:55:38,480 [INFO] graph_builder — Graph built — 0 nodes, 0 directed edges (scenario=earthquake)
2026-07-25 10:55:38,483 [INFO] graph_builder — MeshGraphBuilder.build() called with api_base=http://localhost:4000, scenario=earthquake
2026-07-25 10:55:38,483 [INFO] graph_builder — Fetching topology from http://localhost:4000/api/mesh/topology with secret 9364088cb7fb41ea3d5a......
2026-07-25 10:55:38,484 [DEBUG] urllib3.connectionpool — Starting new HTTP connection (1): localhost:4000
2026-07-25 10:55:42,578 [WARNING] graph_builder — Could not fetch topology from http://localhost:4000/api/mesh/topology: HTTPConnectionPool(host='localhost', port=4000): Max retries exceeded with url: /api/mesh/topology (Caused by NewConnectionError("HTTPConnection(host='localhost', port=4000): Failed to establish a new connection: [WinError 10061] No connection could be made because the target machine actively refused it"))
2026-07-25 10:55:42,579 [INFO] graph_builder — Topology received: 0 nodes, 0 edges
2026-07-25 10:55:42,579 [INFO] graph_builder — Graph built — 0 nodes, 0 directed edges (scenario=earthquake)
2026-07-25 10:56:09,093 [INFO] graph_builder — MeshGraphBuilder.build() called with api_base=http://localhost:4000, scenario=earthquake
2026-07-25 10:56:09,093 [INFO] graph_builder — Fetching topology from http://localhost:4000/api/mesh/topology with secret 9364088cb7fb41ea3d5a......
2026-07-25 10:56:09,094 [DEBUG] urllib3.connectionpool — Starting new HTTP connection (1): localhost:4000
2026-07-25 10:56:13,186 [WARNING] graph_builder — Could not fetch topology from http://localhost:4000/api/mesh/topology: HTTPConnectionPool(host='localhost', port=4000): Max retries exceeded with url: /api/mesh/topology (Caused by NewConnectionError("HTTPConnection(host='localhost', port=4000): Failed to establish a new connection: [WinError 10061] No connection could be made because the target machine actively refused it"))
2026-07-25 10:56:13,186 [INFO] graph_builder — Topology received: 0 nodes, 0 edges
2026-07-25 10:56:13,187 [INFO] graph_builder — Graph built — 0 nodes, 0 directed edges (scenario=earthquake)
2026-07-25 10:56:13,191 [INFO] graph_builder — MeshGraphBuilder.build() called with api_base=http://localhost:4000, scenario=earthquake
2026-07-25 10:56:13,191 [INFO] graph_builder — Fetching topology from http://localhost:4000/api/mesh/topology with secret 9364088cb7fb41ea3d5a......
2026-07-25 10:56:13,192 [DEBUG] urllib3.connectionpool — Starting new HTTP connection (1): localhost:4000
2026-07-25 10:56:17,284 [INFO] graph_builder — MeshGraphBuilder.build() called with api_base=http://localhost:4000, scenario=earthquake
2026-07-25 10:56:17,285 [INFO] graph_builder — Fetching topology from http://localhost:4000/api/mesh/topology with secret 9364088cb7fb41ea3d5a......
2026-07-25 10:56:17,286 [DEBUG] urllib3.connectionpool — Starting new HTTP connection (1): localhost:4000
2026-07-25 10:56:17,287 [WARNING] graph_builder — Could not fetch topology from http://localhost:4000/api/mesh/topology: HTTPConnectionPool(host='localhost', port=4000): Max retries exceeded with url: /api/mesh/topology (Caused by NewConnectionError("HTTPConnection(host='localhost', port=4000): Failed to establish a new connection: [WinError 10061] No connection could be made because the target machine actively refused it"))
2026-07-25 10:56:17,287 [INFO] graph_builder — Topology received: 0 nodes, 0 edges
2026-07-25 10:56:17,287 [INFO] graph_builder — MeshGraphBuilder.build() called with api_base=http://localhost:4000, scenario=earthquake
2026-07-25 10:56:17,287 [INFO] graph_builder — Graph built — 0 nodes, 0 directed edges (scenario=earthquake)
2026-07-25 10:56:17,287 [INFO] graph_builder — Fetching topology from http://localhost:4000/api/mesh/topology with secret 9364088cb7fb41ea3d5a......
2026-07-25 10:56:17,289 [DEBUG] urllib3.connectionpool — Starting new HTTP connection (1): localhost:4000
2026-07-25 10:56:21,374 [WARNING] graph_builder — Could not fetch topology from http://localhost:4000/api/mesh/topology: HTTPConnectionPool(host='localhost', port=4000): Max retries exceeded with url: /api/mesh/topology (Caused by NewConnectionError("HTTPConnection(host='localhost', port=4000): Failed to establish a new connection: [WinError 10061] No connection could be made because the target machine actively refused it"))
2026-07-25 10:56:21,375 [WARNING] graph_builder — Could not fetch topology from http://localhost:4000/api/mesh/topology: HTTPConnectionPool(host='localhost', port=4000): Max retries exceeded with url: /api/mesh/topology (Caused by NewConnectionError("HTTPConnection(host='localhost', port=4000): Failed to establish a new connection: [WinError 10061] No connection could be made because the target machine actively refused it"))
2026-07-25 10:56:21,375 [INFO] graph_builder — Topology received: 0 nodes, 0 edges
2026-07-25 10:56:21,375 [INFO] graph_builder — Topology received: 0 nodes, 0 edges
2026-07-25 10:56:21,375 [INFO] graph_builder — Graph built — 0 nodes, 0 directed edges (scenario=earthquake)
2026-07-25 10:56:21,376 [INFO] graph_builder — Graph built — 0 nodes, 0 directed edges (scenario=earthquake)
2026-07-25 10:56:21,382 [INFO] graph_builder — MeshGraphBuilder.build() called with api_base=http://localhost:4000, scenario=earthquake
2026-07-25 10:56:21,382 [INFO] graph_builder — Fetching topology from http://localhost:4000/api/mesh/topology with secret 9364088cb7fb41ea3d5a......
2026-07-25 10:56:21,384 [DEBUG] urllib3.connectionpool — Starting new HTTP connection (1): localhost:4000
2026-07-25 10:56:25,466 [WARNING] graph_builder — Could not fetch topology from http://localhost:4000/api/mesh/topology: HTTPConnectionPool(host='localhost', port=4000): Max retries exceeded with url: /api/mesh/topology (Caused by NewConnectionError("HTTPConnection(host='localhost', port=4000): Failed to establish a new connection: [WinError 10061] No connection could be made because the target machine actively refused it"))
2026-07-25 10:56:25,467 [INFO] graph_builder — Topology received: 0 nodes, 0 edges
2026-07-25 10:56:25,467 [INFO] graph_builder — Graph built — 0 nodes, 0 directed edges (scenario=earthquake)
2026-07-25 10:56:25,471 [INFO] graph_builder — MeshGraphBuilder.build() called with api_base=http://localhost:4000, scenario=earthquake
2026-07-25 10:56:25,471 [INFO] graph_builder — Fetching topology from http://localhost:4000/api/mesh/topology with secret 9364088cb7fb41ea3d5a......
2026-07-25 10:56:25,472 [DEBUG] urllib3.connectionpool — Starting new HTTP connection (1): localhost:4000
2026-07-25 10:56:27,294 [INFO] graph_builder — MeshGraphBuilder.build() called with api_base=http://localhost:4000, scenario=earthquake
2026-07-25 10:56:27,296 [INFO] graph_builder — Fetching topology from http://localhost:4000/api/mesh/topology with secret 9364088cb7fb41ea3d5a......
2026-07-25 10:56:27,296 [DEBUG] urllib3.connectionpool — Starting new HTTP connection (1): localhost:4000
2026-07-25 10:56:29,561 [WARNING] graph_builder — Could not fetch topology from http://localhost:4000/api/mesh/topology: HTTPConnectionPool(host='localhost', port=4000): Max retries exceeded with url: /api/mesh/topology (Caused by NewConnectionError("HTTPConnection(host='localhost', port=4000): Failed to establish a new connection: [WinError 10061] No connection could be made because the target machine actively refused it"))
2026-07-25 10:56:29,562 [INFO] graph_builder — Topology received: 0 nodes, 0 edges
2026-07-25 10:56:29,563 [INFO] graph_builder — Graph built — 0 nodes, 0 directed edges (scenario=earthquake)
2026-07-25 10:56:31,390 [WARNING] graph_builder — Could not fetch topology from http://localhost:4000/api/mesh/topology: HTTPConnectionPool(host='localhost', port=4000): Max retries exceeded with url: /api/mesh/topology (Caused by NewConnectionError("HTTPConnection(host='localhost', port=4000): Failed to establish a new connection: [WinError 10061] No connection could be made because the target machine actively refused it"))
2026-07-25 10:56:31,391 [INFO] graph_builder — Topology received: 0 nodes, 0 edges
2026-07-25 10:56:31,392 [INFO] graph_builder — Graph built — 0 nodes, 0 directed edges (scenario=earthquake)
2026-07-25 10:56:31,450 [INFO] graph_builder — MeshGraphBuilder.build() called with api_base=http://localhost:4000, scenario=earthquake
2026-07-25 10:56:31,450 [INFO] graph_builder — Fetching topology from http://localhost:4000/api/mesh/topology with secret 9364088cb7fb41ea3d5a......
2026-07-25 10:56:31,451 [DEBUG] urllib3.connectionpool — Starting new HTTP connection (1): localhost:4000
2026-07-25 10:56:35,534 [WARNING] graph_builder — Could not fetch topology from http://localhost:4000/api/mesh/topology: HTTPConnectionPool(host='localhost', port=4000): Max retries exceeded with url: /api/mesh/topology (Caused by NewConnectionError("HTTPConnection(host='localhost', port=4000): Failed to establish a new connection: [WinError 10061] No connection could be made because the target machine actively refused it"))
2026-07-25 10:56:35,535 [INFO] graph_builder — Topology received: 0 nodes, 0 edges
2026-07-25 10:56:35,535 [INFO] graph_builder — Graph built — 0 nodes, 0 directed edges (scenario=earthquake)
2026-07-25 10:56:35,538 [INFO] graph_builder — MeshGraphBuilder.build() called with api_base=http://localhost:4000, scenario=earthquake
2026-07-25 10:56:35,539 [INFO] graph_builder — Fetching topology from http://localhost:4000/api/mesh/topology with secret 9364088cb7fb41ea3d5a......
2026-07-25 10:56:35,540 [DEBUG] urllib3.connectionpool — Starting new HTTP connection (1): localhost:4000
2026-07-25 10:56:37,285 [INFO] graph_builder — MeshGraphBuilder.build() called with api_base=http://localhost:4000, scenario=earthquake
2026-07-25 10:56:37,288 [INFO] graph_builder — Fetching topology from http://localhost:4000/api/mesh/topology with secret 9364088cb7fb41ea3d5a......
2026-07-25 10:56:37,291 [DEBUG] urllib3.connectionpool — Starting new HTTP connection (1): localhost:4000
2026-07-25 10:56:39,662 [WARNING] graph_builder — Could not fetch topology from http://localhost:4000/api/mesh/topology: HTTPConnectionPool(host='localhost', port=4000): Max retries exceeded with url: /api/mesh/topology (Caused by NewConnectionError("HTTPConnection(host='localhost', port=4000): Failed to establish a new connection: [WinError 10061] No connection could be made because the target machine actively refused it"))
2026-07-25 10:56:39,663 [INFO] graph_builder — Topology received: 0 nodes, 0 edges
2026-07-25 10:56:39,663 [INFO] graph_builder — Graph built — 0 nodes, 0 directed edges (scenario=earthquake)
2026-07-25 10:56:41,374 [WARNING] graph_builder — Could not fetch topology from http://localhost:4000/api/mesh/topology: HTTPConnectionPool(host='localhost', port=4000): Max retries exceeded with url: /api/mesh/topology (Caused by NewConnectionError("HTTPConnection(host='localhost', port=4000): Failed to establish a new connection: [WinError 10061] No connection could be made because the target machine actively refused it"))
2026-07-25 10:56:41,375 [INFO] graph_builder — Topology received: 0 nodes, 0 edges
2026-07-25 10:56:41,376 [INFO] graph_builder — Graph built — 0 nodes, 0 directed edges (scenario=earthquake)
2026-07-25 10:56:41,382 [INFO] graph_builder — MeshGraphBuilder.build() called with api_base=http://localhost:4000, scenario=earthquake
2026-07-25 10:56:41,382 [INFO] graph_builder — Fetching topology from http://localhost:4000/api/mesh/topology with secret 9364088cb7fb41ea3d5a......
2026-07-25 10:56:41,383 [DEBUG] urllib3.connectionpool — Starting new HTTP connection (1): localhost:4000
2026-07-25 10:56:45,466 [WARNING] graph_builder — Could not fetch topology from http://localhost:4000/api/mesh/topology: HTTPConnectionPool(host='localhost', port=4000): Max retries exceeded with url: /api/mesh/topology (Caused by NewConnectionError("HTTPConnection(host='localhost', port=4000): Failed to establish a new connection: [WinError 10061] No connection could be made because the target machine actively refused it"))
2026-07-25 10:56:45,466 [INFO] graph_builder — Topology received: 0 nodes, 0 edges
2026-07-25 10:56:45,467 [INFO] graph_builder — Graph built — 0 nodes, 0 directed edges (scenario=earthquake)
2026-07-25 10:56:45,470 [INFO] graph_builder — MeshGraphBuilder.build() called with api_base=http://localhost:4000, scenario=earthquake
2026-07-25 10:56:45,470 [INFO] graph_builder — Fetching topology from http://localhost:4000/api/mesh/topology with secret 9364088cb7fb41ea3d5a......
2026-07-25 10:56:45,471 [DEBUG] urllib3.connectionpool — Starting new HTTP connection (1): localhost:4000
2026-07-25 10:56:47,418 [INFO] graph_builder — MeshGraphBuilder.build() called with api_base=http://localhost:4000, scenario=earthquake
2026-07-25 10:56:47,419 [INFO] graph_builder — Fetching topology from http://localhost:4000/api/mesh/topology with secret 9364088cb7fb41ea3d5a......
2026-07-25 10:56:47,421 [DEBUG] urllib3.connectionpool — Starting new HTTP connection (1): localhost:4000
2026-07-25 10:56:49,557 [WARNING] graph_builder — Could not fetch topology from http://localhost:4000/api/mesh/topology: HTTPConnectionPool(host='localhost', port=4000): Max retries exceeded with url: /api/mesh/topology (Caused by NewConnectionError("HTTPConnection(host='localhost', port=4000): Failed to establish a new connection: [WinError 10061] No connection could be made because the target machine actively refused it"))
2026-07-25 10:56:49,558 [INFO] graph_builder — Topology received: 0 nodes, 0 edges
2026-07-25 10:56:49,558 [INFO] graph_builder — Graph built — 0 nodes, 0 directed edges (scenario=earthquake)
2026-07-25 10:56:51,501 [WARNING] graph_builder — Could not fetch topology from http://localhost:4000/api/mesh/topology: HTTPConnectionPool(host='localhost', port=4000): Max retries exceeded with url: /api/mesh/topology (Caused by NewConnectionError("HTTPConnection(host='localhost', port=4000): Failed to establish a new connection: [WinError 10061] No connection could be made because the target machine actively refused it"))
2026-07-25 10:56:51,502 [INFO] graph_builder — Topology received: 0 nodes, 0 edges
2026-07-25 10:56:51,502 [INFO] graph_builder — Graph built — 0 nodes, 0 directed edges (scenario=earthquake)
2026-07-25 10:56:51,504 [INFO] graph_builder — MeshGraphBuilder.build() called with api_base=http://localhost:4000, scenario=earthquake
2026-07-25 10:56:51,505 [INFO] graph_builder — Fetching topology from http://localhost:4000/api/mesh/topology with secret 9364088cb7fb41ea3d5a......
2026-07-25 10:56:51,505 [DEBUG] urllib3.connectionpool — Starting new HTTP connection (1): localhost:4000
2026-07-25 10:56:55,575 [WARNING] graph_builder — Could not fetch topology from http://localhost:4000/api/mesh/topology: HTTPConnectionPool(host='localhost', port=4000): Max retries exceeded with url: /api/mesh/topology (Caused by NewConnectionError("HTTPConnection(host='localhost', port=4000): Failed to establish a new connection: [WinError 10061] No connection could be made because the target machine actively refused it"))
2026-07-25 10:56:55,576 [INFO] graph_builder — Topology received: 0 nodes, 0 edges
2026-07-25 10:56:55,576 [INFO] graph_builder — Graph built — 0 nodes, 0 directed edges (scenario=earthquake)
2026-07-25 10:56:55,633 [INFO] graph_builder — MeshGraphBuilder.build() called with api_base=http://localhost:4000, scenario=earthquake
2026-07-25 10:56:55,633 [INFO] graph_builder — Fetching topology from http://localhost:4000/api/mesh/topology with secret 9364088cb7fb41ea3d5a......
2026-07-25 10:56:55,634 [DEBUG] urllib3.connectionpool — Starting new HTTP connection (1): localhost:4000
2026-07-25 10:56:57,289 [INFO] graph_builder — MeshGraphBuilder.build() called with api_base=http://localhost:4000, scenario=earthquake
2026-07-25 10:56:57,289 [INFO] graph_builder — Fetching topology from http://localhost:4000/api/mesh/topology with secret 9364088cb7fb41ea3d5a......
2026-07-25 10:56:57,290 [DEBUG] urllib3.connectionpool — Starting new HTTP connection (1): localhost:4000
2026-07-25 10:56:59,736 [WARNING] graph_builder — Could not fetch topology from http://localhost:4000/api/mesh/topology: HTTPConnectionPool(host='localhost', port=4000): Max retries exceeded with url: /api/mesh/topology (Caused by NewConnectionError("HTTPConnection(host='localhost', port=4000): Failed to establish a new connection: [WinError 10061] No connection could be made because the target machine actively refused it"))
2026-07-25 10:56:59,737 [INFO] graph_builder — Topology received: 0 nodes, 0 edges
2026-07-25 10:56:59,737 [INFO] graph_builder — Graph built — 0 nodes, 0 directed edges (scenario=earthquake)
2026-07-25 10:57:01,358 [WARNING] graph_builder — Could not fetch topology from http://localhost:4000/api/mesh/topology: HTTPConnectionPool(host='localhost', port=4000): Max retries exceeded with url: /api/mesh/topology (Caused by NewConnectionError("HTTPConnection(host='localhost', port=4000): Failed to establish a new connection: [WinError 10061] No connection could be made because the target machine actively refused it"))
2026-07-25 10:57:01,359 [INFO] graph_builder — Topology received: 0 nodes, 0 edges
2026-07-25 10:57:01,359 [INFO] graph_builder — Graph built — 0 nodes, 0 directed edges (scenario=earthquake)
2026-07-25 10:57:01,363 [INFO] graph_builder — MeshGraphBuilder.build() called with api_base=http://localhost:4000, scenario=earthquake
2026-07-25 10:57:01,363 [INFO] graph_builder — Fetching topology from http://localhost:4000/api/mesh/topology with secret 9364088cb7fb41ea3d5a......
2026-07-25 10:57:01,364 [DEBUG] urllib3.connectionpool — Starting new HTTP connection (1): localhost:4000
2026-07-25 10:57:05,465 [WARNING] graph_builder — Could not fetch topology from http://localhost:4000/api/mesh/topology: HTTPConnectionPool(host='localhost', port=4000): Max retries exceeded with url: /api/mesh/topology (Caused by NewConnectionError("HTTPConnection(host='localhost', port=4000): Failed to establish a new connection: [WinError 10061] No connection could be made because the target machine actively refused it"))
2026-07-25 10:57:05,466 [INFO] graph_builder — Topology received: 0 nodes, 0 edges
2026-07-25 10:57:05,481 [INFO] graph_builder — Graph built — 0 nodes, 0 directed edges (scenario=earthquake)
2026-07-25 10:57:05,486 [INFO] graph_builder — MeshGraphBuilder.build() called with api_base=http://localhost:4000, scenario=earthquake
2026-07-25 10:57:05,486 [INFO] graph_builder — Fetching topology from http://localhost:4000/api/mesh/topology with secret 9364088cb7fb41ea3d5a......
2026-07-25 10:57:05,487 [DEBUG] urllib3.connectionpool — Starting new HTTP connection (1): localhost:4000
2026-07-25 10:57:07,288 [INFO] graph_builder — MeshGraphBuilder.build() called with api_base=http://localhost:4000, scenario=earthquake
2026-07-25 10:57:07,289 [INFO] graph_builder — Fetching topology from http://localhost:4000/api/mesh/topology with secret 9364088cb7fb41ea3d5a......
2026-07-25 10:57:07,290 [DEBUG] urllib3.connectionpool — Starting new HTTP connection (1): localhost:4000
2026-07-25 10:57:09,589 [WARNING] graph_builder — Could not fetch topology from http://localhost:4000/api/mesh/topology: HTTPConnectionPool(host='localhost', port=4000): Max retries exceeded with url: /api/mesh/topology (Caused by NewConnectionError("HTTPConnection(host='localhost', port=4000): Failed to establish a new connection: [WinError 10061] No connection could be made because the target machine actively refused it"))
2026-07-25 10:57:09,591 [INFO] graph_builder — Topology received: 0 nodes, 0 edges
2026-07-25 10:57:09,606 [INFO] graph_builder — Graph built — 0 nodes, 0 directed edges (scenario=earthquake)
2026-07-25 10:57:11,429 [WARNING] graph_builder — Could not fetch topology from http://localhost:4000/api/mesh/topology: HTTPConnectionPool(host='localhost', port=4000): Max retries exceeded with url: /api/mesh/topology (Caused by NewConnectionError("HTTPConnection(host='localhost', port=4000): Failed to establish a new connection: [WinError 10061] No connection could be made because the target machine actively refused it"))
2026-07-25 10:57:11,430 [INFO] graph_builder — Topology received: 0 nodes, 0 edges
2026-07-25 10:57:11,446 [INFO] graph_builder — Graph built — 0 nodes, 0 directed edges (scenario=earthquake)
2026-07-25 10:57:11,450 [INFO] graph_builder — MeshGraphBuilder.build() called with api_base=http://localhost:4000, scenario=earthquake
2026-07-25 10:57:11,451 [INFO] graph_builder — Fetching topology from http://localhost:4000/api/mesh/topology with secret 9364088cb7fb41ea3d5a......
2026-07-25 10:57:11,451 [DEBUG] urllib3.connectionpool — Starting new HTTP connection (1): localhost:4000
2026-07-25 10:57:15,541 [WARNING] graph_builder — Could not fetch topology from http://localhost:4000/api/mesh/topology: HTTPConnectionPool(host='localhost', port=4000): Max retries exceeded with url: /api/mesh/topology (Caused by NewConnectionError("HTTPConnection(host='localhost', port=4000): Failed to establish a new connection: [WinError 10061] No connection could be made because the target machine actively refused it"))
2026-07-25 10:57:15,542 [INFO] graph_builder — Topology received: 0 nodes, 0 edges
2026-07-25 10:57:15,557 [INFO] graph_builder — Graph built — 0 nodes, 0 directed edges (scenario=earthquake)
2026-07-25 10:57:15,598 [INFO] graph_builder — MeshGraphBuilder.build() called with api_base=http://localhost:4000, scenario=earthquake
2026-07-25 10:57:15,599 [INFO] graph_builder — Fetching topology from http://localhost:4000/api/mesh/topology with secret 9364088cb7fb41ea3d5a......
2026-07-25 10:57:15,600 [DEBUG] urllib3.connectionpool — Starting new HTTP connection (1): localhost:4000
2026-07-25 10:57:17,281 [INFO] graph_builder — MeshGraphBuilder.build() called with api_base=http://localhost:4000, scenario=earthquake
2026-07-25 10:57:17,282 [INFO] graph_builder — Fetching topology from http://localhost:4000/api/mesh/topology with secret 9364088cb7fb41ea3d5a......
2026-07-25 10:57:17,282 [DEBUG] urllib3.connectionpool — Starting new HTTP connection (1): localhost:4000
2026-07-25 10:57:19,717 [WARNING] graph_builder — Could not fetch topology from http://localhost:4000/api/mesh/topology: HTTPConnectionPool(host='localhost', port=4000): Max retries exceeded with url: /api/mesh/topology (Caused by NewConnectionError("HTTPConnection(host='localhost', port=4000): Failed to establish a new connection: [WinError 10061] No connection could be made because the target machine actively refused it"))
2026-07-25 10:57:19,718 [INFO] graph_builder — Topology received: 0 nodes, 0 edges
2026-07-25 10:57:19,718 [INFO] graph_builder — Graph built — 0 nodes, 0 directed edges (scenario=earthquake)
2026-07-25 10:57:21,377 [WARNING] graph_builder — Could not fetch topology from http://localhost:4000/api/mesh/topology: HTTPConnectionPool(host='localhost', port=4000): Max retries exceeded with url: /api/mesh/topology (Caused by NewConnectionError("HTTPConnection(host='localhost', port=4000): Failed to establish a new connection: [WinError 10061] No connection could be made because the target machine actively refused it"))
2026-07-25 10:57:21,378 [INFO] graph_builder — Topology received: 0 nodes, 0 edges
2026-07-25 10:57:21,408 [INFO] graph_builder — Graph built — 0 nodes, 0 directed edges (scenario=earthquake)
2026-07-25 10:57:27,077 [INFO] graph_builder — MeshGraphBuilder.build() called with api_base=http://localhost:4000, scenario=earthquake
2026-07-25 10:57:27,078 [INFO] graph_builder — Fetching topology from http://localhost:4000/api/mesh/topology with secret 9364088cb7fb41ea3d5a......
2026-07-25 10:57:27,110 [DEBUG] urllib3.connectionpool — Starting new HTTP connection (1): localhost:4000
2026-07-25 10:57:31,199 [WARNING] graph_builder — Could not fetch topology from http://localhost:4000/api/mesh/topology: HTTPConnectionPool(host='localhost', port=4000): Max retries exceeded with url: /api/mesh/topology (Caused by NewConnectionError("HTTPConnection(host='localhost', port=4000): Failed to establish a new connection: [WinError 10061] No connection could be made because the target machine actively refused it"))
2026-07-25 10:57:31,200 [INFO] graph_builder — Topology received: 0 nodes, 0 edges
2026-07-25 10:57:31,215 [INFO] graph_builder — Graph built — 0 nodes, 0 directed edges (scenario=earthquake)
2026-07-25 10:58:08,674 [INFO] graph_builder — MeshGraphBuilder.build() called with api_base=http://localhost:4000, scenario=earthquake
2026-07-25 10:58:08,674 [INFO] graph_builder — Fetching topology from http://localhost:4000/api/mesh/topology with secret 9364088cb7fb41ea3d5a......
2026-07-25 10:58:08,675 [DEBUG] urllib3.connectionpool — Starting new HTTP connection (1): localhost:4000
2026-07-25 10:58:12,751 [WARNING] graph_builder — Could not fetch topology from http://localhost:4000/api/mesh/topology: HTTPConnectionPool(host='localhost', port=4000): Max retries exceeded with url: /api/mesh/topology (Caused by NewConnectionError("HTTPConnection(host='localhost', port=4000): Failed to establish a new connection: [WinError 10061] No connection could be made because the target machine actively refused it"))
2026-07-25 10:58:12,751 [INFO] graph_builder — Topology received: 0 nodes, 0 edges
2026-07-25 10:58:12,752 [INFO] graph_builder — Graph built — 0 nodes, 0 directed edges (scenario=earthquake)
2026-07-25 10:58:12,754 [INFO] graph_builder — MeshGraphBuilder.build() called with api_base=http://localhost:4000, scenario=earthquake
2026-07-25 10:58:12,754 [INFO] graph_builder — Fetching topology from http://localhost:4000/api/mesh/topology with secret 9364088cb7fb41ea3d5a......
2026-07-25 10:58:12,755 [DEBUG] urllib3.connectionpool — Starting new HTTP connection (1): localhost:4000
2026-07-25 10:58:16,849 [WARNING] graph_builder — Could not fetch topology from http://localhost:4000/api/mesh/topology: HTTPConnectionPool(host='localhost', port=4000): Max retries exceeded with url: /api/mesh/topology (Caused by NewConnectionError("HTTPConnection(host='localhost', port=4000): Failed to establish a new connection: [WinError 10061] No connection could be made because the target machine actively refused it"))
2026-07-25 10:58:16,850 [INFO] graph_builder — Topology received: 0 nodes, 0 edges
2026-07-25 10:58:16,851 [INFO] graph_builder — Graph built — 0 nodes, 0 directed edges (scenario=earthquake)
2026-07-25 10:58:16,855 [INFO] graph_builder — MeshGraphBuilder.build() called with api_base=http://localhost:4000, scenario=earthquake
2026-07-25 10:58:16,855 [INFO] graph_builder — Fetching topology from http://localhost:4000/api/mesh/topology with secret 9364088cb7fb41ea3d5a......
2026-07-25 10:58:16,857 [DEBUG] urllib3.connectionpool — Starting new HTTP connection (1): localhost:4000
2026-07-25 10:58:20,962 [WARNING] graph_builder — Could not fetch topology from http://localhost:4000/api/mesh/topology: HTTPConnectionPool(host='localhost', port=4000): Max retries exceeded with url: /api/mesh/topology (Caused by NewConnectionError("HTTPConnection(host='localhost', port=4000): Failed to establish a new connection: [WinError 10061] No connection could be made because the target machine actively refused it"))
2026-07-25 10:58:20,962 [INFO] graph_builder — Topology received: 0 nodes, 0 edges
2026-07-25 10:58:20,962 [INFO] graph_builder — Graph built — 0 nodes, 0 directed edges (scenario=earthquake)
2026-07-25 10:59:08,638 [INFO] graph_builder — MeshGraphBuilder.build() called with api_base=http://localhost:4000, scenario=earthquake
2026-07-25 10:59:08,638 [INFO] graph_builder — Fetching topology from http://localhost:4000/api/mesh/topology with secret 9364088cb7fb41ea3d5a......
2026-07-25 10:59:08,639 [DEBUG] urllib3.connectionpool — Starting new HTTP connection (1): localhost:4000
2026-07-25 10:59:12,729 [WARNING] graph_builder — Could not fetch topology from http://localhost:4000/api/mesh/topology: HTTPConnectionPool(host='localhost', port=4000): Max retries exceeded with url: /api/mesh/topology (Caused by NewConnectionError("HTTPConnection(host='localhost', port=4000): Failed to establish a new connection: [WinError 10061] No connection could be made because the target machine actively refused it"))
2026-07-25 10:59:12,730 [INFO] graph_builder — Topology received: 0 nodes, 0 edges
2026-07-25 10:59:12,730 [INFO] graph_builder — Graph built — 0 nodes, 0 directed edges (scenario=earthquake)
2026-07-25 10:59:12,732 [INFO] graph_builder — MeshGraphBuilder.build() called with api_base=http://localhost:4000, scenario=earthquake
2026-07-25 10:59:12,733 [INFO] graph_builder — Fetching topology from http://localhost:4000/api/mesh/topology with secret 9364088cb7fb41ea3d5a......
2026-07-25 10:59:12,733 [DEBUG] urllib3.connectionpool — Starting new HTTP connection (1): localhost:4000
2026-07-25 10:59:16,826 [WARNING] graph_builder — Could not fetch topology from http://localhost:4000/api/mesh/topology: HTTPConnectionPool(host='localhost', port=4000): Max retries exceeded with url: /api/mesh/topology (Caused by NewConnectionError("HTTPConnection(host='localhost', port=4000): Failed to establish a new connection: [WinError 10061] No connection could be made because the target machine actively refused it"))
2026-07-25 10:59:16,827 [INFO] graph_builder — Topology received: 0 nodes, 0 edges
2026-07-25 10:59:16,827 [INFO] graph_builder — Graph built — 0 nodes, 0 directed edges (scenario=earthquake)
2026-07-25 10:59:16,832 [INFO] graph_builder — MeshGraphBuilder.build() called with api_base=http://localhost:4000, scenario=earthquake
2026-07-25 10:59:16,833 [INFO] graph_builder — Fetching topology from http://localhost:4000/api/mesh/topology with secret 9364088cb7fb41ea3d5a......
2026-07-25 10:59:16,833 [DEBUG] urllib3.connectionpool — Starting new HTTP connection (1): localhost:4000
2026-07-25 10:59:17,861 [INFO] graph_builder — MeshGraphBuilder.build() called with api_base=http://localhost:4000, scenario=earthquake
2026-07-25 10:59:17,861 [INFO] graph_builder — Fetching topology from http://localhost:4000/api/mesh/topology with secret 9364088cb7fb41ea3d5a......
2026-07-25 10:59:17,863 [DEBUG] urllib3.connectionpool — Starting new HTTP connection (1): localhost:4000
2026-07-25 10:59:20,928 [WARNING] graph_builder — Could not fetch topology from http://localhost:4000/api/mesh/topology: HTTPConnectionPool(host='localhost', port=4000): Max retries exceeded with url: /api/mesh/topology (Caused by NewConnectionError("HTTPConnection(host='localhost', port=4000): Failed to establish a new connection: [WinError 10061] No connection could be made because the target machine actively refused it"))
2026-07-25 10:59:20,928 [INFO] graph_builder — Topology received: 0 nodes, 0 edges
2026-07-25 10:59:20,929 [INFO] graph_builder — Graph built — 0 nodes, 0 directed edges (scenario=earthquake)
2026-07-25 10:59:21,953 [WARNING] graph_builder — Could not fetch topology from http://localhost:4000/api/mesh/topology: HTTPConnectionPool(host='localhost', port=4000): Max retries exceeded with url: /api/mesh/topology (Caused by NewConnectionError("HTTPConnection(host='localhost', port=4000): Failed to establish a new connection: [WinError 10061] No connection could be made because the target machine actively refused it"))
2026-07-25 10:59:21,954 [INFO] graph_builder — Topology received: 0 nodes, 0 edges
2026-07-25 10:59:21,955 [INFO] graph_builder — Graph built — 0 nodes, 0 directed edges (scenario=earthquake)
2026-07-25 10:59:21,958 [INFO] graph_builder — MeshGraphBuilder.build() called with api_base=http://localhost:4000, scenario=earthquake
2026-07-25 10:59:21,959 [INFO] graph_builder — Fetching topology from http://localhost:4000/api/mesh/topology with secret 9364088cb7fb41ea3d5a......
2026-07-25 10:59:21,960 [DEBUG] urllib3.connectionpool — Starting new HTTP connection (1): localhost:4000
2026-07-25 10:59:25,867 [INFO] graph_builder — MeshGraphBuilder.build() called with api_base=http://localhost:4000, scenario=earthquake
2026-07-25 10:59:25,868 [INFO] graph_builder — Fetching topology from http://localhost:4000/api/mesh/topology with secret 9364088cb7fb41ea3d5a......
2026-07-25 10:59:25,870 [DEBUG] urllib3.connectionpool — Starting new HTTP connection (1): localhost:4000
2026-07-25 10:59:26,031 [WARNING] graph_builder — Could not fetch topology from http://localhost:4000/api/mesh/topology: HTTPConnectionPool(host='localhost', port=4000): Max retries exceeded with url: /api/mesh/topology (Caused by NewConnectionError("HTTPConnection(host='localhost', port=4000): Failed to establish a new connection: [WinError 10061] No connection could be made because the target machine actively refused it"))
2026-07-25 10:59:26,032 [INFO] graph_builder — Topology received: 0 nodes, 0 edges
2026-07-25 10:59:26,033 [INFO] graph_builder — Graph built — 0 nodes, 0 directed edges (scenario=earthquake)
2026-07-25 10:59:29,992 [WARNING] graph_builder — Could not fetch topology from http://localhost:4000/api/mesh/topology: HTTPConnectionPool(host='localhost', port=4000): Max retries exceeded with url: /api/mesh/topology (Caused by NewConnectionError("HTTPConnection(host='localhost', port=4000): Failed to establish a new connection: [WinError 10061] No connection could be made because the target machine actively refused it"))
2026-07-25 10:59:29,994 [INFO] graph_builder — Topology received: 0 nodes, 0 edges
2026-07-25 10:59:29,994 [INFO] graph_builder — Graph built — 0 nodes, 0 directed edges (scenario=earthquake)
2026-07-25 10:59:29,999 [INFO] graph_builder — MeshGraphBuilder.build() called with api_base=http://localhost:4000, scenario=earthquake
2026-07-25 10:59:29,999 [INFO] graph_builder — Fetching topology from http://localhost:4000/api/mesh/topology with secret 9364088cb7fb41ea3d5a......
2026-07-25 10:59:30,002 [DEBUG] urllib3.connectionpool — Starting new HTTP connection (1): localhost:4000
2026-07-25 10:59:34,129 [WARNING] graph_builder — Could not fetch topology from http://localhost:4000/api/mesh/topology: HTTPConnectionPool(host='localhost', port=4000): Max retries exceeded with url: /api/mesh/topology (Caused by NewConnectionError("HTTPConnection(host='localhost', port=4000): Failed to establish a new connection: [WinError 10061] No connection could be made because the target machine actively refused it"))
2026-07-25 10:59:34,131 [INFO] graph_builder — Topology received: 0 nodes, 0 edges
2026-07-25 10:59:34,132 [INFO] graph_builder — Graph built — 0 nodes, 0 directed edges (scenario=earthquake)
2026-07-25 10:59:34,137 [INFO] graph_builder — MeshGraphBuilder.build() called with api_base=http://localhost:4000, scenario=earthquake
2026-07-25 10:59:34,137 [INFO] graph_builder — Fetching topology from http://localhost:4000/api/mesh/topology with secret 9364088cb7fb41ea3d5a......
2026-07-25 10:59:34,140 [DEBUG] urllib3.connectionpool — Starting new HTTP connection (1): localhost:4000
2026-07-25 10:59:35,547 [INFO] graph_builder — MeshGraphBuilder.build() called with api_base=http://localhost:4000, scenario=earthquake
2026-07-25 10:59:35,548 [INFO] graph_builder — Fetching topology from http://localhost:4000/api/mesh/topology with secret 9364088cb7fb41ea3d5a......
2026-07-25 10:59:35,553 [DEBUG] urllib3.connectionpool — Starting new HTTP connection (1): localhost:4000
2026-07-25 10:59:36,699 [INFO] graph_builder — MeshGraphBuilder.build() called with api_base=http://localhost:4000, scenario=earthquake
2026-07-25 10:59:36,700 [INFO] graph_builder — Fetching topology from http://localhost:4000/api/mesh/topology with secret 9364088cb7fb41ea3d5a......
2026-07-25 10:59:36,701 [DEBUG] urllib3.connectionpool — Starting new HTTP connection (1): localhost:4000
2026-07-25 10:59:38,258 [WARNING] graph_builder — Could not fetch topology from http://localhost:4000/api/mesh/topology: HTTPConnectionPool(host='localhost', port=4000): Max retries exceeded with url: /api/mesh/topology (Caused by NewConnectionError("HTTPConnection(host='localhost', port=4000): Failed to establish a new connection: [WinError 10061] No connection could be made because the target machine actively refused it"))
2026-07-25 10:59:38,260 [INFO] graph_builder — Topology received: 0 nodes, 0 edges
2026-07-25 10:59:38,260 [INFO] graph_builder — Graph built — 0 nodes, 0 directed edges (scenario=earthquake)
2026-07-25 10:59:39,640 [WARNING] graph_builder — Could not fetch topology from http://localhost:4000/api/mesh/topology: HTTPConnectionPool(host='localhost', port=4000): Max retries exceeded with url: /api/mesh/topology (Caused by NewConnectionError("HTTPConnection(host='localhost', port=4000): Failed to establish a new connection: [WinError 10061] No connection could be made because the target machine actively refused it"))
2026-07-25 10:59:39,642 [INFO] graph_builder — Topology received: 0 nodes, 0 edges
2026-07-25 10:59:39,643 [INFO] graph_builder — Graph built — 0 nodes, 0 directed edges (scenario=earthquake)
2026-07-25 10:59:40,814 [WARNING] graph_builder — Could not fetch topology from http://localhost:4000/api/mesh/topology: HTTPConnectionPool(host='localhost', port=4000): Max retries exceeded with url: /api/mesh/topology (Caused by NewConnectionError("HTTPConnection(host='localhost', port=4000): Failed to establish a new connection: [WinError 10061] No connection could be made because the target machine actively refused it"))
2026-07-25 10:59:40,815 [INFO] graph_builder — Topology received: 0 nodes, 0 edges
2026-07-25 10:59:40,815 [INFO] graph_builder — Graph built — 0 nodes, 0 directed edges (scenario=earthquake)
2026-07-25 10:59:40,819 [INFO] graph_builder — MeshGraphBuilder.build() called with api_base=http://localhost:4000, scenario=earthquake
2026-07-25 10:59:40,819 [INFO] graph_builder — Fetching topology from http://localhost:4000/api/mesh/topology with secret 9364088cb7fb41ea3d5a......
2026-07-25 10:59:40,821 [DEBUG] urllib3.connectionpool — Starting new HTTP connection (1): localhost:4000
2026-07-25 10:59:44,906 [WARNING] graph_builder — Could not fetch topology from http://localhost:4000/api/mesh/topology: HTTPConnectionPool(host='localhost', port=4000): Max retries exceeded with url: /api/mesh/topology (Caused by NewConnectionError("HTTPConnection(host='localhost', port=4000): Failed to establish a new connection: [WinError 10061] No connection could be made because the target machine actively refused it"))
2026-07-25 10:59:44,907 [INFO] graph_builder — Topology received: 0 nodes, 0 edges
2026-07-25 10:59:44,907 [INFO] graph_builder — Graph built — 0 nodes, 0 directed edges (scenario=earthquake)
2026-07-25 10:59:44,914 [INFO] graph_builder — MeshGraphBuilder.build() called with api_base=http://localhost:4000, scenario=earthquake
2026-07-25 10:59:44,914 [INFO] graph_builder — Fetching topology from http://localhost:4000/api/mesh/topology with secret 9364088cb7fb41ea3d5a......
2026-07-25 10:59:44,916 [DEBUG] urllib3.connectionpool — Starting new HTTP connection (1): localhost:4000
2026-07-25 10:59:46,709 [INFO] graph_builder — MeshGraphBuilder.build() called with api_base=http://localhost:4000, scenario=earthquake
2026-07-25 10:59:46,710 [INFO] graph_builder — Fetching topology from http://localhost:4000/api/mesh/topology with secret 9364088cb7fb41ea3d5a......
2026-07-25 10:59:46,711 [DEBUG] urllib3.connectionpool — Starting new HTTP connection (1): localhost:4000
2026-07-25 10:59:49,011 [WARNING] graph_builder — Could not fetch topology from http://localhost:4000/api/mesh/topology: HTTPConnectionPool(host='localhost', port=4000): Max retries exceeded with url: /api/mesh/topology (Caused by NewConnectionError("HTTPConnection(host='localhost', port=4000): Failed to establish a new connection: [WinError 10061] No connection could be made because the target machine actively refused it"))
2026-07-25 10:59:49,011 [INFO] graph_builder — Topology received: 0 nodes, 0 edges
2026-07-25 10:59:49,012 [INFO] graph_builder — Graph built — 0 nodes, 0 directed edges (scenario=earthquake)
2026-07-25 10:59:50,804 [WARNING] graph_builder — Could not fetch topology from http://localhost:4000/api/mesh/topology: HTTPConnectionPool(host='localhost', port=4000): Max retries exceeded with url: /api/mesh/topology (Caused by NewConnectionError("HTTPConnection(host='localhost', port=4000): Failed to establish a new connection: [WinError 10061] No connection could be made because the target machine actively refused it"))
2026-07-25 10:59:50,805 [INFO] graph_builder — Topology received: 0 nodes, 0 edges
2026-07-25 10:59:50,806 [INFO] graph_builder — Graph built — 0 nodes, 0 directed edges (scenario=earthquake)
2026-07-25 10:59:52,153 [INFO] graph_builder — MeshGraphBuilder.build() called with api_base=http://localhost:4000, scenario=earthquake
2026-07-25 10:59:52,154 [INFO] graph_builder — Fetching topology from http://localhost:4000/api/mesh/topology with secret 9364088cb7fb41ea3d5a......
2026-07-25 10:59:52,155 [DEBUG] urllib3.connectionpool — Starting new HTTP connection (1): localhost:4000
2026-07-25 10:59:56,288 [WARNING] graph_builder — Could not fetch topology from http://localhost:4000/api/mesh/topology: HTTPConnectionPool(host='localhost', port=4000): Max retries exceeded with url: /api/mesh/topology (Caused by NewConnectionError("HTTPConnection(host='localhost', port=4000): Failed to establish a new connection: [WinError 10061] No connection could be made because the target machine actively refused it"))
2026-07-25 10:59:56,289 [INFO] graph_builder — Topology received: 0 nodes, 0 edges
2026-07-25 10:59:56,290 [INFO] graph_builder — Graph built — 0 nodes, 0 directed edges (scenario=earthquake)
2026-07-25 10:59:56,295 [INFO] graph_builder — MeshGraphBuilder.build() called with api_base=http://localhost:4000, scenario=earthquake
2026-07-25 10:59:56,296 [INFO] graph_builder — Fetching topology from http://localhost:4000/api/mesh/topology with secret 9364088cb7fb41ea3d5a......
2026-07-25 10:59:56,298 [DEBUG] urllib3.connectionpool — Starting new HTTP connection (1): localhost:4000
2026-07-25 10:59:56,693 [INFO] graph_builder — MeshGraphBuilder.build() called with api_base=http://localhost:4000, scenario=earthquake
2026-07-25 10:59:56,694 [INFO] graph_builder — Fetching topology from http://localhost:4000/api/mesh/topology with secret 9364088cb7fb41ea3d5a......
2026-07-25 10:59:56,696 [DEBUG] urllib3.connectionpool — Starting new HTTP connection (1): localhost:4000
2026-07-25 11:00:00,401 [WARNING] graph_builder — Could not fetch topology from http://localhost:4000/api/mesh/topology: HTTPConnectionPool(host='localhost', port=4000): Max retries exceeded with url: /api/mesh/topology (Caused by NewConnectionError("HTTPConnection(host='localhost', port=4000): Failed to establish a new connection: [WinError 10061] No connection could be made because the target machine actively refused it"))
2026-07-25 11:00:00,402 [INFO] graph_builder — Topology received: 0 nodes, 0 edges
2026-07-25 11:00:00,403 [INFO] graph_builder — Graph built — 0 nodes, 0 directed edges (scenario=earthquake)
2026-07-25 11:00:00,788 [WARNING] graph_builder — Could not fetch topology from http://localhost:4000/api/mesh/topology: HTTPConnectionPool(host='localhost', port=4000): Max retries exceeded with url: /api/mesh/topology (Caused by NewConnectionError("HTTPConnection(host='localhost', port=4000): Failed to establish a new connection: [WinError 10061] No connection could be made because the target machine actively refused it"))
2026-07-25 11:00:00,789 [INFO] graph_builder — Topology received: 0 nodes, 0 edges
2026-07-25 11:00:00,790 [INFO] graph_builder — Graph built — 0 nodes, 0 directed edges (scenario=earthquake)
2026-07-25 11:00:00,792 [INFO] graph_builder — MeshGraphBuilder.build() called with api_base=http://localhost:4000, scenario=earthquake
2026-07-25 11:00:00,793 [INFO] graph_builder — Fetching topology from http://localhost:4000/api/mesh/topology with secret 9364088cb7fb41ea3d5a......
2026-07-25 11:00:00,794 [DEBUG] urllib3.connectionpool — Starting new HTTP connection (1): localhost:4000
2026-07-25 11:00:04,903 [WARNING] graph_builder — Could not fetch topology from http://localhost:4000/api/mesh/topology: HTTPConnectionPool(host='localhost', port=4000): Max retries exceeded with url: /api/mesh/topology (Caused by NewConnectionError("HTTPConnection(host='localhost', port=4000): Failed to establish a new connection: [WinError 10061] No connection could be made because the target machine actively refused it"))
2026-07-25 11:00:04,904 [INFO] graph_builder — Topology received: 0 nodes, 0 edges
2026-07-25 11:00:04,905 [INFO] graph_builder — Graph built — 0 nodes, 0 directed edges (scenario=earthquake)
2026-07-25 11:00:04,908 [INFO] graph_builder — MeshGraphBuilder.build() called with api_base=http://localhost:4000, scenario=earthquake
2026-07-25 11:00:04,908 [INFO] graph_builder — Fetching topology from http://localhost:4000/api/mesh/topology with secret 9364088cb7fb41ea3d5a......
2026-07-25 11:00:04,909 [DEBUG] urllib3.connectionpool — Starting new HTTP connection (1): localhost:4000
2026-07-25 11:00:07,296 [INFO] graph_builder — MeshGraphBuilder.build() called with api_base=http://localhost:4000, scenario=earthquake
2026-07-25 11:00:07,297 [INFO] graph_builder — Fetching topology from http://localhost:4000/api/mesh/topology with secret 9364088cb7fb41ea3d5a......
2026-07-25 11:00:07,298 [DEBUG] urllib3.connectionpool — Starting new HTTP connection (1): localhost:4000
2026-07-25 11:00:08,654 [INFO] graph_builder — MeshGraphBuilder.build() called with api_base=http://localhost:4000, scenario=earthquake
2026-07-25 11:00:08,654 [INFO] graph_builder — Fetching topology from http://localhost:4000/api/mesh/topology with secret 9364088cb7fb41ea3d5a......
2026-07-25 11:00:08,655 [DEBUG] urllib3.connectionpool — Starting new HTTP connection (1): localhost:4000
2026-07-25 11:00:09,006 [WARNING] graph_builder — Could not fetch topology from http://localhost:4000/api/mesh/topology: HTTPConnectionPool(host='localhost', port=4000): Max retries exceeded with url: /api/mesh/topology (Caused by NewConnectionError("HTTPConnection(host='localhost', port=4000): Failed to establish a new connection: [WinError 10061] No connection could be made because the target machine actively refused it"))
2026-07-25 11:00:09,006 [INFO] graph_builder — Topology received: 0 nodes, 0 edges
2026-07-25 11:00:09,007 [INFO] graph_builder — Graph built — 0 nodes, 0 directed edges (scenario=earthquake)
2026-07-25 11:00:11,401 [WARNING] graph_builder — Could not fetch topology from http://localhost:4000/api/mesh/topology: HTTPConnectionPool(host='localhost', port=4000): Max retries exceeded with url: /api/mesh/topology (Caused by NewConnectionError("HTTPConnection(host='localhost', port=4000): Failed to establish a new connection: [WinError 10061] No connection could be made because the target machine actively refused it"))
2026-07-25 11:00:11,403 [INFO] graph_builder — Topology received: 0 nodes, 0 edges
2026-07-25 11:00:11,404 [INFO] graph_builder — Graph built — 0 nodes, 0 directed edges (scenario=earthquake)
2026-07-25 11:00:11,408 [INFO] graph_builder — MeshGraphBuilder.build() called with api_base=http://localhost:4000, scenario=earthquake
2026-07-25 11:00:11,408 [INFO] graph_builder — Fetching topology from http://localhost:4000/api/mesh/topology with secret 9364088cb7fb41ea3d5a......
2026-07-25 11:00:11,410 [DEBUG] urllib3.connectionpool — Starting new HTTP connection (1): localhost:4000
2026-07-25 11:00:12,738 [WARNING] graph_builder — Could not fetch topology from http://localhost:4000/api/mesh/topology: HTTPConnectionPool(host='localhost', port=4000): Max retries exceeded with url: /api/mesh/topology (Caused by NewConnectionError("HTTPConnection(host='localhost', port=4000): Failed to establish a new connection: [WinError 10061] No connection could be made because the target machine actively refused it"))
2026-07-25 11:00:12,739 [INFO] graph_builder — Topology received: 0 nodes, 0 edges
2026-07-25 11:00:12,740 [INFO] graph_builder — Graph built — 0 nodes, 0 directed edges (scenario=earthquake)
2026-07-25 11:00:12,745 [INFO] graph_builder — MeshGraphBuilder.build() called with api_base=http://localhost:4000, scenario=earthquake
2026-07-25 11:00:12,746 [INFO] graph_builder — Fetching topology from http://localhost:4000/api/mesh/topology with secret 9364088cb7fb41ea3d5a......
2026-07-25 11:00:12,748 [DEBUG] urllib3.connectionpool — Starting new HTTP connection (1): localhost:4000
2026-07-25 11:00:15,512 [WARNING] graph_builder — Could not fetch topology from http://localhost:4000/api/mesh/topology: HTTPConnectionPool(host='localhost', port=4000): Max retries exceeded with url: /api/mesh/topology (Caused by NewConnectionError("HTTPConnection(host='localhost', port=4000): Failed to establish a new connection: [WinError 10061] No connection could be made because the target machine actively refused it"))
2026-07-25 11:00:15,514 [INFO] graph_builder — Topology received: 0 nodes, 0 edges
2026-07-25 11:00:15,516 [INFO] graph_builder — Graph built — 0 nodes, 0 directed edges (scenario=earthquake)
2026-07-25 11:00:15,521 [INFO] graph_builder — MeshGraphBuilder.build() called with api_base=http://localhost:4000, scenario=earthquake
2026-07-25 11:00:15,522 [INFO] graph_builder — Fetching topology from http://localhost:4000/api/mesh/topology with secret 9364088cb7fb41ea3d5a......
2026-07-25 11:00:15,524 [DEBUG] urllib3.connectionpool — Starting new HTTP connection (1): localhost:4000
2026-07-25 11:00:16,699 [INFO] graph_builder — MeshGraphBuilder.build() called with api_base=http://localhost:4000, scenario=earthquake
2026-07-25 11:00:16,700 [INFO] graph_builder — Fetching topology from http://localhost:4000/api/mesh/topology with secret 9364088cb7fb41ea3d5a......
2026-07-25 11:00:16,701 [DEBUG] urllib3.connectionpool — Starting new HTTP connection (1): localhost:4000
2026-07-25 11:00:16,799 [WARNING] graph_builder — Could not fetch topology from http://localhost:4000/api/mesh/topology: HTTPConnectionPool(host='localhost', port=4000): Max retries exceeded with url: /api/mesh/topology (Caused by NewConnectionError("HTTPConnection(host='localhost', port=4000): Failed to establish a new connection: [WinError 10061] No connection could be made because the target machine actively refused it"))
2026-07-25 11:00:16,801 [INFO] graph_builder — Topology received: 0 nodes, 0 edges
2026-07-25 11:00:16,801 [INFO] graph_builder — Graph built — 0 nodes, 0 directed edges (scenario=earthquake)
2026-07-25 11:00:16,808 [INFO] graph_builder — MeshGraphBuilder.build() called with api_base=http://localhost:4000, scenario=earthquake
2026-07-25 11:00:16,809 [INFO] graph_builder — Fetching topology from http://localhost:4000/api/mesh/topology with secret 9364088cb7fb41ea3d5a......
2026-07-25 11:00:16,811 [DEBUG] urllib3.connectionpool — Starting new HTTP connection (1): localhost:4000
2026-07-25 11:00:19,660 [WARNING] graph_builder — Could not fetch topology from http://localhost:4000/api/mesh/topology: HTTPConnectionPool(host='localhost', port=4000): Max retries exceeded with url: /api/mesh/topology (Caused by NewConnectionError("HTTPConnection(host='localhost', port=4000): Failed to establish a new connection: [WinError 10061] No connection could be made because the target machine actively refused it"))
2026-07-25 11:00:19,662 [INFO] graph_builder — Topology received: 0 nodes, 0 edges
2026-07-25 11:00:19,663 [INFO] graph_builder — Graph built — 0 nodes, 0 directed edges (scenario=earthquake)
2026-07-25 11:00:20,812 [WARNING] graph_builder — Could not fetch topology from http://localhost:4000/api/mesh/topology: HTTPConnectionPool(host='localhost', port=4000): Max retries exceeded with url: /api/mesh/topology (Caused by NewConnectionError("HTTPConnection(host='localhost', port=4000): Failed to establish a new connection: [WinError 10061] No connection could be made because the target machine actively refused it"))
2026-07-25 11:00:20,814 [INFO] graph_builder — Topology received: 0 nodes, 0 edges
2026-07-25 11:00:20,814 [INFO] graph_builder — Graph built — 0 nodes, 0 directed edges (scenario=earthquake)
2026-07-25 11:00:20,817 [INFO] graph_builder — MeshGraphBuilder.build() called with api_base=http://localhost:4000, scenario=earthquake
2026-07-25 11:00:20,818 [INFO] graph_builder — Fetching topology from http://localhost:4000/api/mesh/topology with secret 9364088cb7fb41ea3d5a......
2026-07-25 11:00:20,820 [DEBUG] urllib3.connectionpool — Starting new HTTP connection (1): localhost:4000
2026-07-25 11:00:20,906 [WARNING] graph_builder — Could not fetch topology from http://localhost:4000/api/mesh/topology: HTTPConnectionPool(host='localhost', port=4000): Max retries exceeded with url: /api/mesh/topology (Caused by NewConnectionError("HTTPConnection(host='localhost', port=4000): Failed to establish a new connection: [WinError 10061] No connection could be made because the target machine actively refused it"))
2026-07-25 11:00:20,907 [INFO] graph_builder — Topology received: 0 nodes, 0 edges
2026-07-25 11:00:20,907 [INFO] graph_builder — Graph built — 0 nodes, 0 directed edges (scenario=earthquake)
2026-07-25 11:00:24,935 [WARNING] graph_builder — Could not fetch topology from http://localhost:4000/api/mesh/topology: HTTPConnectionPool(host='localhost', port=4000): Max retries exceeded with url: /api/mesh/topology (Caused by NewConnectionError("HTTPConnection(host='localhost', port=4000): Failed to establish a new connection: [WinError 10061] No connection could be made because the target machine actively refused it"))
2026-07-25 11:00:24,936 [INFO] graph_builder — Topology received: 0 nodes, 0 edges
2026-07-25 11:00:24,937 [INFO] graph_builder — Graph built — 0 nodes, 0 directed edges (scenario=earthquake)
2026-07-25 11:00:24,940 [INFO] graph_builder — MeshGraphBuilder.build() called with api_base=http://localhost:4000, scenario=earthquake
2026-07-25 11:00:24,940 [INFO] graph_builder — Fetching topology from http://localhost:4000/api/mesh/topology with secret 9364088cb7fb41ea3d5a......
2026-07-25 11:00:24,941 [DEBUG] urllib3.connectionpool — Starting new HTTP connection (1): localhost:4000
2026-07-25 11:00:27,284 [INFO] graph_builder — MeshGraphBuilder.build() called with api_base=http://localhost:4000, scenario=earthquake
2026-07-25 11:00:27,284 [INFO] graph_builder — Fetching topology from http://localhost:4000/api/mesh/topology with secret 9364088cb7fb41ea3d5a......
2026-07-25 11:00:27,285 [DEBUG] urllib3.connectionpool — Starting new HTTP connection (1): localhost:4000
2026-07-25 11:00:29,034 [WARNING] graph_builder — Could not fetch topology from http://localhost:4000/api/mesh/topology: HTTPConnectionPool(host='localhost', port=4000): Max retries exceeded with url: /api/mesh/topology (Caused by NewConnectionError("HTTPConnection(host='localhost', port=4000): Failed to establish a new connection: [WinError 10061] No connection could be made because the target machine actively refused it"))
2026-07-25 11:00:29,036 [INFO] graph_builder — Topology received: 0 nodes, 0 edges
2026-07-25 11:00:29,036 [INFO] graph_builder — Graph built — 0 nodes, 0 directed edges (scenario=earthquake)
2026-07-25 11:00:31,370 [WARNING] graph_builder — Could not fetch topology from http://localhost:4000/api/mesh/topology: HTTPConnectionPool(host='localhost', port=4000): Max retries exceeded with url: /api/mesh/topology (Caused by NewConnectionError("HTTPConnection(host='localhost', port=4000): Failed to establish a new connection: [WinError 10061] No connection could be made because the target machine actively refused it"))
2026-07-25 11:00:31,372 [INFO] graph_builder — Topology received: 0 nodes, 0 edges
2026-07-25 11:00:31,372 [INFO] graph_builder — Graph built — 0 nodes, 0 directed edges (scenario=earthquake)
2026-07-25 11:00:31,377 [INFO] graph_builder — MeshGraphBuilder.build() called with api_base=http://localhost:4000, scenario=earthquake
2026-07-25 11:00:31,378 [INFO] graph_builder — Fetching topology from http://localhost:4000/api/mesh/topology with secret 9364088cb7fb41ea3d5a......
2026-07-25 11:00:31,380 [DEBUG] urllib3.connectionpool — Starting new HTTP connection (1): localhost:4000
2026-07-25 11:00:35,461 [WARNING] graph_builder — Could not fetch topology from http://localhost:4000/api/mesh/topology: HTTPConnectionPool(host='localhost', port=4000): Max retries exceeded with url: /api/mesh/topology (Caused by NewConnectionError("HTTPConnection(host='localhost', port=4000): Failed to establish a new connection: [WinError 10061] No connection could be made because the target machine actively refused it"))
2026-07-25 11:00:35,462 [INFO] graph_builder — Topology received: 0 nodes, 0 edges
2026-07-25 11:00:35,463 [INFO] graph_builder — Graph built — 0 nodes, 0 directed edges (scenario=earthquake)
2026-07-25 11:00:35,468 [INFO] graph_builder — MeshGraphBuilder.build() called with api_base=http://localhost:4000, scenario=earthquake
2026-07-25 11:00:35,468 [INFO] graph_builder — Fetching topology from http://localhost:4000/api/mesh/topology with secret 9364088cb7fb41ea3d5a......
2026-07-25 11:00:35,470 [DEBUG] urllib3.connectionpool — Starting new HTTP connection (1): localhost:4000
2026-07-25 11:00:36,697 [INFO] graph_builder — MeshGraphBuilder.build() called with api_base=http://localhost:4000, scenario=earthquake
2026-07-25 11:00:36,698 [INFO] graph_builder — Fetching topology from http://localhost:4000/api/mesh/topology with secret 9364088cb7fb41ea3d5a......
2026-07-25 11:00:36,699 [DEBUG] urllib3.connectionpool — Starting new HTTP connection (1): localhost:4000
2026-07-25 11:00:39,555 [WARNING] graph_builder — Could not fetch topology from http://localhost:4000/api/mesh/topology: HTTPConnectionPool(host='localhost', port=4000): Max retries exceeded with url: /api/mesh/topology (Caused by NewConnectionError("HTTPConnection(host='localhost', port=4000): Failed to establish a new connection: [WinError 10061] No connection could be made because the target machine actively refused it"))
2026-07-25 11:00:39,557 [INFO] graph_builder — Topology received: 0 nodes, 0 edges
2026-07-25 11:00:39,557 [INFO] graph_builder — Graph built — 0 nodes, 0 directed edges (scenario=earthquake)
2026-07-25 11:00:40,798 [WARNING] graph_builder — Could not fetch topology from http://localhost:4000/api/mesh/topology: HTTPConnectionPool(host='localhost', port=4000): Max retries exceeded with url: /api/mesh/topology (Caused by NewConnectionError("HTTPConnection(host='localhost', port=4000): Failed to establish a new connection: [WinError 10061] No connection could be made because the target machine actively refused it"))
2026-07-25 11:00:40,800 [INFO] graph_builder — Topology received: 0 nodes, 0 edges
2026-07-25 11:00:40,800 [INFO] graph_builder — Graph built — 0 nodes, 0 directed edges (scenario=earthquake)
2026-07-25 11:00:40,804 [INFO] graph_builder — MeshGraphBuilder.build() called with api_base=http://localhost:4000, scenario=earthquake
2026-07-25 11:00:40,805 [INFO] graph_builder — Fetching topology from http://localhost:4000/api/mesh/topology with secret 9364088cb7fb41ea3d5a......
2026-07-25 11:00:40,808 [DEBUG] urllib3.connectionpool — Starting new HTTP connection (1): localhost:4000
2026-07-25 11:00:44,928 [WARNING] graph_builder — Could not fetch topology from http://localhost:4000/api/mesh/topology: HTTPConnectionPool(host='localhost', port=4000): Max retries exceeded with url: /api/mesh/topology (Caused by NewConnectionError("HTTPConnection(host='localhost', port=4000): Failed to establish a new connection: [WinError 10061] No connection could be made because the target machine actively refused it"))
2026-07-25 11:00:44,929 [INFO] graph_builder — Topology received: 0 nodes, 0 edges
2026-07-25 11:00:44,930 [INFO] graph_builder — Graph built — 0 nodes, 0 directed edges (scenario=earthquake)
2026-07-25 11:00:46,691 [INFO] graph_builder — MeshGraphBuilder.build() called with api_base=http://localhost:4000, scenario=earthquake
2026-07-25 11:00:46,692 [INFO] graph_builder — Fetching topology from http://localhost:4000/api/mesh/topology with secret 9364088cb7fb41ea3d5a......
2026-07-25 11:00:46,694 [DEBUG] urllib3.connectionpool — Starting new HTTP connection (1): localhost:4000
2026-07-25 11:00:50,771 [WARNING] graph_builder — Could not fetch topology from http://localhost:4000/api/mesh/topology: HTTPConnectionPool(host='localhost', port=4000): Max retries exceeded with url: /api/mesh/topology (Caused by NewConnectionError("HTTPConnection(host='localhost', port=4000): Failed to establish a new connection: [WinError 10061] No connection could be made because the target machine actively refused it"))
2026-07-25 11:00:50,773 [INFO] graph_builder — Topology received: 0 nodes, 0 edges
2026-07-25 11:00:50,773 [INFO] graph_builder — Graph built — 0 nodes, 0 directed edges (scenario=earthquake)
2026-07-25 11:00:50,779 [INFO] graph_builder — MeshGraphBuilder.build() called with api_base=http://localhost:4000, scenario=earthquake
2026-07-25 11:00:50,779 [INFO] graph_builder — Fetching topology from http://localhost:4000/api/mesh/topology with secret 9364088cb7fb41ea3d5a......
2026-07-25 11:00:50,781 [DEBUG] urllib3.connectionpool — Starting new HTTP connection (1): localhost:4000
2026-07-25 11:00:54,882 [WARNING] graph_builder — Could not fetch topology from http://localhost:4000/api/mesh/topology: HTTPConnectionPool(host='localhost', port=4000): Max retries exceeded with url: /api/mesh/topology (Caused by NewConnectionError("HTTPConnection(host='localhost', port=4000): Failed to establish a new connection: [WinError 10061] No connection could be made because the target machine actively refused it"))
2026-07-25 11:00:54,882 [INFO] graph_builder — Topology received: 0 nodes, 0 edges
2026-07-25 11:00:54,882 [INFO] graph_builder — Graph built — 0 nodes, 0 directed edges (scenario=earthquake)
2026-07-25 11:00:54,885 [INFO] graph_builder — MeshGraphBuilder.build() called with api_base=http://localhost:4000, scenario=earthquake
2026-07-25 11:00:54,885 [INFO] graph_builder — Fetching topology from http://localhost:4000/api/mesh/topology with secret 9364088cb7fb41ea3d5a......
2026-07-25 11:00:54,886 [DEBUG] urllib3.connectionpool — Starting new HTTP connection (1): localhost:4000
2026-07-25 11:00:58,994 [WARNING] graph_builder — Could not fetch topology from http://localhost:4000/api/mesh/topology: HTTPConnectionPool(host='localhost', port=4000): Max retries exceeded with url: /api/mesh/topology (Caused by NewConnectionError("HTTPConnection(host='localhost', port=4000): Failed to establish a new connection: [WinError 10061] No connection could be made because the target machine actively refused it"))
2026-07-25 11:00:58,996 [INFO] graph_builder — Topology received: 0 nodes, 0 edges
2026-07-25 11:00:58,997 [INFO] graph_builder — Graph built — 0 nodes, 0 directed edges (scenario=earthquake)
2026-07-25 11:01:00,800 [INFO] graph_builder — MeshGraphBuilder.build() called with api_base=http://localhost:4000, scenario=earthquake
2026-07-25 11:01:00,801 [INFO] graph_builder — Fetching topology from http://localhost:4000/api/mesh/topology with secret 9364088cb7fb41ea3d5a......
2026-07-25 11:01:00,802 [DEBUG] urllib3.connectionpool — Starting new HTTP connection (1): localhost:4000
2026-07-25 11:01:04,889 [WARNING] graph_builder — Could not fetch topology from http://localhost:4000/api/mesh/topology: HTTPConnectionPool(host='localhost', port=4000): Max retries exceeded with url: /api/mesh/topology (Caused by NewConnectionError("HTTPConnection(host='localhost', port=4000): Failed to establish a new connection: [WinError 10061] No connection could be made because the target machine actively refused it"))
2026-07-25 11:01:04,890 [INFO] graph_builder — Topology received: 0 nodes, 0 edges
2026-07-25 11:01:04,890 [INFO] graph_builder — Graph built — 0 nodes, 0 directed edges (scenario=earthquake)
2026-07-25 11:01:07,292 [INFO] graph_builder — MeshGraphBuilder.build() called with api_base=http://localhost:4000, scenario=earthquake
2026-07-25 11:01:07,293 [INFO] graph_builder — Fetching topology from http://localhost:4000/api/mesh/topology with secret 9364088cb7fb41ea3d5a......
2026-07-25 11:01:07,293 [DEBUG] urllib3.connectionpool — Starting new HTTP connection (1): localhost:4000
2026-07-25 11:01:11,419 [WARNING] graph_builder — Could not fetch topology from http://localhost:4000/api/mesh/topology: HTTPConnectionPool(host='localhost', port=4000): Max retries exceeded with url: /api/mesh/topology (Caused by NewConnectionError("HTTPConnection(host='localhost', port=4000): Failed to establish a new connection: [WinError 10061] No connection could be made because the target machine actively refused it"))
2026-07-25 11:01:11,419 [INFO] graph_builder — Topology received: 0 nodes, 0 edges
2026-07-25 11:01:11,419 [INFO] graph_builder — Graph built — 0 nodes, 0 directed edges (scenario=earthquake)
2026-07-25 11:01:15,509 [INFO] graph_builder — MeshGraphBuilder.build() called with api_base=http://localhost:4000, scenario=earthquake
2026-07-25 11:01:15,510 [INFO] graph_builder — Fetching topology from http://localhost:4000/api/mesh/topology with secret 9364088cb7fb41ea3d5a......
2026-07-25 11:01:15,510 [DEBUG] urllib3.connectionpool — Starting new HTTP connection (1): localhost:4000
2026-07-25 11:01:19,602 [WARNING] graph_builder — Could not fetch topology from http://localhost:4000/api/mesh/topology: HTTPConnectionPool(host='localhost', port=4000): Max retries exceeded with url: /api/mesh/topology (Caused by NewConnectionError("HTTPConnection(host='localhost', port=4000): Failed to establish a new connection: [WinError 10061] No connection could be made because the target machine actively refused it"))
2026-07-25 11:01:19,604 [INFO] graph_builder — Topology received: 0 nodes, 0 edges
2026-07-25 11:01:19,605 [INFO] graph_builder — Graph built — 0 nodes, 0 directed edges (scenario=earthquake)
